// Jest Snapshot v1, https://goo.gl/fbAQLP

exports[`<Masthead /> should render and match the snapshot 1`] = `
<styled.main>
  <Logos />
  <styled.h1>
    React Boilerplate meets CRA
  </styled.h1>
  <styled.p>
    Now you can use the
     
    <styled.a
      href="https://www.reactboilerplate.com/"
      rel="noopener noreferrer"
      target="_blank"
    >
      React Boilerplate
    </styled.a>
     
    as a
     
    <styled.a
      href="https://github.com/facebook/create-react-app"
      rel="noopener noreferrer"
      target="_blank"
    >
      Create React App
    </styled.a>
     
    template.
  </styled.p>
</styled.main>
`;
